(3, 1) CLASS    "class"
(3, 7) EXTENDS  "extends"
(3,15) STATIC   "static"
(3,22) PUBLIC   "public"
(3,29) VOID     "void"
(3,34) INT      "int"
(3,38) DOUBLE   "double"
(3,45) BOOLEAN  "boolean"
(3,53) NEW      "new"
(3,57) THIS     "this"
(3,62) IF       "if"
(3,65) ELSE     "else"
(4, 1) WHILE    "while"
(4, 7) RETURN   "return"
(4,14) MAIN     "main"
(4,19) STRING   "String"
(4,26) TRUE     "true"
(4,31) FALSE    "false"
(4,37) SYSTEM   "System"
(4,44) OUT      "out"
(4,48) PRINTLN  "println"
(6, 1) INTLIT   "123"
(6, 4) CLASS    "class"
(8, 1) SYSTEM   "System"
(8, 7) DOT      "."
(8, 8) OUT      "out"
(8,11) DOT      "."
(8,12) PRINTLN  "println"
Total: 28 tokens
