(9, 1) ID         import
(9, 8) ID         java
(9,12) DOT        .
(9,13) ID         io
(9,15) DOT        .
(9,16) MUL        *
(9,17) SEMI       ;
(11, 1) PUBLIC     public
(11, 8) CLASS      class
(11,14) ID         Echo
(11,19) LCURLY     {
(12, 3) PUBLIC     public
(12,10) STATIC     static
(12,17) VOID       void
(12,22) MAIN       main
(12,26) LPAREN     (
(12,27) STRING     String
(12,34) LBRAC      [
(12,35) RBRAC      ]
(12,37) ID         args
(12,41) RPAREN     )
(12,43) ID         throws
(12,50) ID         Exception
(12,60) LCURLY     {
(13, 5) IF         if
(13, 8) LPAREN     (
(13, 9) ID         args
(13,13) DOT        .
(13,14) ID         length
(13,21) EQ         ==
(13,24) INTLIT     1
(13,25) RPAREN     )
(13,27) LCURLY     {
(14, 7) ID         FileReader
(14,18) ID         input
(14,24) ASSGN      =
(14,26) NEW        new
(14,30) ID         FileReader
(14,40) LPAREN     (
(14,41) ID         args
(14,45) LBRAC      [
(14,46) INTLIT     0
(14,47) RBRAC      ]
(14,48) RPAREN     )
(14,49) SEMI       ;
(15, 7) INT        int
(15,11) ID         c
(15,12) COMMA      ,
(15,14) ID         charCnt
(15,22) ASSGN      =
(15,24) INTLIT     0
(15,25) SEMI       ;
(16, 7) WHILE      while
(16,13) LPAREN     (
(16,14) LPAREN     (
(16,15) ID         c
(16,17) ASSGN      =
(16,19) ID         input
(16,24) DOT        .
(16,25) ID         read
(16,29) LPAREN     (
(16,30) RPAREN     )
(16,31) RPAREN     )
(16,33) NE         !=
(16,36) SUB        -
(16,37) INTLIT     1
(16,38) RPAREN     )
(16,40) LCURLY     {
(17, 9) SYSTEM     System
(17,15) DOT        .
(17,16) OUT        out
(17,19) DOT        .
(17,20) ID         print
(17,25) LPAREN     (
(17,26) LPAREN     (
(17,27) ID         char
(17,31) RPAREN     )
(17,32) ID         c
(17,33) RPAREN     )
(17,34) SEMI       ;
(18, 9) ID         charCnt
(18,16) ADD        +
(18,17) ADD        +
(18,18) SEMI       ;
(19, 7) RCURLY     }
(20, 7) ID         input
(20,12) DOT        .
(20,13) ID         close
(20,18) LPAREN     (
(20,19) RPAREN     )
(20,20) SEMI       ;
(21, 7) SYSTEM     System
(21,13) DOT        .
(21,14) OUT        out
(21,17) DOT        .
(21,18) PRINTLN    println
(21,25) LPAREN     (
(21,26) STRLIT     "Total: "
(21,36) ADD        +
(21,38) ID         charCnt
(21,46) ADD        +
(21,48) STRLIT     " characters"
(21,61) RPAREN     )
(21,62) SEMI       ;
(22, 5) RCURLY     }
(22, 7) ELSE       else
(22,12) LCURLY     {
(23, 7) SYSTEM     System
(23,13) DOT        .
(23,14) ID         err
(23,17) DOT        .
(23,18) PRINTLN    println
(23,25) LPAREN     (
(23,26) STRLIT     "Need a file name as command-line argument."
(23,70) RPAREN     )
(23,71) SEMI       ;
(24, 5) RCURLY     }
(25, 3) RCURLY     }
(26, 1) RCURLY     }
Total: 119 tokens
